=== RUN   TestMinimalPage
=== RUN   TestMinimalPage/<head>
=== RUN   TestMinimalPage/<h1>
    └■ body›h1
=== RUN   TestMinimalPage/<a>
    └■ body›p›a
     │ href: #top
     └───────────────
--- PASS: TestMinimalPage 
    --- PASS: TestMinimalPage/<head> 
    --- PASS: TestMinimalPage/<h1> 
    --- PASS: TestMinimalPage/<a> 
PASS
