--- FAIL: TestPopularPages 
    --- FAIL: TestPopularPages/amazon.html 
        --- FAIL: TestPopularPages/amazon.html/<head> 
            head.go:160: <meta[name="twitter:card"]>: has no content
            head.go:160: <meta[name="twitter:site:id"]>: has no content
            head.go:203: <head> meta viewport definition is absent
            head.go:241: head <description> text is too long: 366 vs 150
            head.go:260: head <keywords> text is too long: 439 vs 150
            opengraph.go:52: og:type not found
            opengraph.go:55: og:title not found
            head.go:274: |WARNING| there is no Twitter (or `X`) <head> meta data
        --- FAIL: TestPopularPages/amazon.html/<a>#74 
            └■ body›div›i›i›i›div›div›div›div›div›div›div›div›a#skippedLink
             │       id: skippedLink |WARNING| DUPLICATE 
             │ tabindex: -1 |WARNING| DUPLICATE 
             └───────────────
            anchor.go:81: |WARNING| <a[title]> attribute is empty
            anchor.go:177: |WARNING| anchor text is not normalized
            anchor.go:183: anchor text is too long
        --- FAIL: TestPopularPages/amazon.html/<h3> 
            └■ body›div›i›i›i›div›div›div›div›div›div›div›div›a›div›div›div›div›div›div›h3
             │ class: a-spacing-none |WARNING| DUPLICATE 
             └───────────────
            heading.go:71: |WARNING| heading text is not normalized
            heading.go:76: heading is empty
        --- FAIL: TestPopularPages/amazon.html/<a>#142 
            └■ body›div›i›i›i›div›div›div›b›div›div›div›div›a
             │  href: # |WARNING| DUPLICATE 
             │ class: gwm-navigation-right-button |WARNING| DUPLICATE 
             └───────────────
            anchor.go:81: |WARNING| <a[title]> attribute is empty
            anchor.go:177: |WARNING| anchor text is not normalized
            anchor.go:183: anchor text is too long
        heading.go:49: document has no <h1> headings
    --- FAIL: TestPopularPages/bbc.html 
        --- FAIL: TestPopularPages/bbc.html/<head> 
            head.go:297: meta tag content for viewport "width=device-width" is missing initial scale attribute
            head.go:302: meta tag content for viewport scale "" has invalid initial scale attribute: strconv.ParseFloat: parsing "": invalid syntax
            head.go:220: head <title> text is too long: 116 vs 55
            opengraph.go:67: og:image not found
            twitter.go:55: twitter:card not found
            twitter.go:71: twitter:site not found
            twitter.go:74: twitter:image not found
        --- FAIL: TestPopularPages/bbc.html/<img>#31 
            └■ body›div›div›div›div›main›article›div›div›div›div›section›section›div›div›div›div›div›div›div›a›div›img
             │   sizes: (min-width: 768px) 50vw, 100vw |WARNING| DUPLICATE 
             │  srcset: https://ichef.bbci.co.u…d0cfdafcb.jpg.webp 1536w |WARNING| DUPLICATE 
             │     src: https://ichef.bbci.co.u…2a-7dfd0cfdafcb.jpg.webp |WARNING| DUPLICATE 
             │ loading: lazy |WARNING| DUPLICATE 
             │     alt: A bearded young man wit…26 in New Delhi, India.  |WARNING| DUPLICATE 
             │   class: Image-styles__ImageStyled-sc-8c99a12b-0 cVsHni |WARNING| DUPLICATE 
             └───────────────
            image.go:83: |WARNING| <img[alt]> is not normalized
            image.go:89: <img[alt]> is too long
        --- FAIL: TestPopularPages/bbc.html/<img>#43 
            └■ body›div›div›div›div›main›article›div›div›div›div›section›div›div›div›div›div›div›a›div›div›div›div›img
             │   sizes: (min-width: 1280px) 20v…width: 800px) 33vw, 50vw |WARNING| DUPLICATE 
             │  srcset: https://ichef.bbci.co.u…0adf0800a.png.webp 1536w |WARNING| DUPLICATE 
             │     src: https://ichef.bbci.co.u…ab-8b30adf0800a.png.webp |WARNING| DUPLICATE 
             │ loading: lazy |WARNING| DUPLICATE 
             │     alt: On the left is a screen…that same house in 2025. |WARNING| DUPLICATE 
             │   class: Image-styles__ImageStyled-sc-8c99a12b-0 cVsHni |WARNING| DUPLICATE 
             └───────────────
            image.go:89: <img[alt]> is too long
        --- FAIL: TestPopularPages/bbc.html/<img>#67 
            └■ body›div›div›div›div›main›article›div›div›div›div›div›div›section›div›div›div›div›div›div›div›a›div›div›div›div›img
             │   sizes: 25vw |WARNING| DUPLICATE 
             │  srcset: https://ichef.bbci.co.u…c26ad07bb.jpg.webp 1536w |WARNING| DUPLICATE 
             │     src: https://ichef.bbci.co.u…ee-9b3c26ad07bb.jpg.webp |WARNING| DUPLICATE 
             │ loading: lazy |WARNING| DUPLICATE 
             │     alt: A woman dressed in blac…and rubble of a building |WARNING| DUPLICATE 
             │   class: Image-styles__ImageStyled-sc-8c99a12b-0 cVsHni |WARNING| DUPLICATE 
             └───────────────
            image.go:89: <img[alt]> is too long
        --- FAIL: TestPopularPages/bbc.html/<img>#69 
            └■ body›div›div›div›div›main›article›div›div›div›div›div›div›section›div›div›div›div›div›div›div›a›div›div›div›div›img
             │   sizes: 25vw |WARNING| DUPLICATE 
             │  srcset: https://ichef.bbci.co.u…f7d0da737.jpg.webp 1536w |WARNING| DUPLICATE 
             │     src: https://ichef.bbci.co.u…4a-ff2f7d0da737.jpg.webp |WARNING| DUPLICATE 
             │ loading: lazy |WARNING| DUPLICATE 
             │     alt: US President Donald Tru…'s distinctive signature |WARNING| DUPLICATE 
             │   class: Image-styles__ImageStyled-sc-8c99a12b-0 cVsHni |WARNING| DUPLICATE 
             └───────────────
            image.go:83: |WARNING| <img[alt]> is not normalized
            image.go:89: <img[alt]> is too long
        --- FAIL: TestPopularPages/bbc.html/<img>#97 
            └■ body›div›div›div›div›main›article›div›div›div›div›div›div›div›section›div›div›div›div›div›div›div›a›div›div›div›div›img
             │   sizes: 25vw |WARNING| DUPLICATE 
             │  srcset: https://ichef.bbci.co.u…/p0nsvnlv.jpg.webp 1920w |WARNING| DUPLICATE 
             │     src: https://ichef.bbci.co.u…80x270/p0nsvnlv.jpg.webp |WARNING| DUPLICATE 
             │ loading: lazy |WARNING| DUPLICATE 
             │     alt: A room in a bathhouse w…a)  (Credit: Konparu-yu) |WARNING| DUPLICATE 
             │   class: Image-styles__ImageStyled-sc-8c99a12b-0 cVsHni |WARNING| DUPLICATE 
             └───────────────
            image.go:83: |WARNING| <img[alt]> is not normalized
            image.go:89: <img[alt]> is too long
        --- FAIL: TestPopularPages/bbc.html/<img>#101 
            └■ body›div›div›div›div›main›article›div›div›div›div›div›div›div›div›div›section›div›div›div›div›div›div›div›a›div›div›div›div›img
             │   sizes: 25vw |WARNING| DUPLICATE 
             │  srcset: https://ichef.bbci.co.u…/p0p07d8x.jpg.webp 1920w |WARNING| DUPLICATE 
             │     src: https://ichef.bbci.co.u…80x270/p0p07d8x.jpg.webp |WARNING| DUPLICATE 
             │ loading: lazy |WARNING| DUPLICATE 
             │     alt: A composite of Hannah N… Images/ Harper Collins) |WARNING| DUPLICATE 
             │   class: Image-styles__ImageStyled-sc-8c99a12b-0 cVsHni |WARNING| DUPLICATE 
             └───────────────
            image.go:89: <img[alt]> is too long
        heading.go:49: document has no <h1> headings
    --- FAIL: TestPopularPages/cnn.html 
        --- FAIL: TestPopularPages/cnn.html/<head> 
            head.go:160: <meta[name="meta-branding"]>: has no content
            opengraph.go:46: unknown Open Graph property: og:site_name CNN
        heading.go:49: document has no <h1> headings
    --- FAIL: TestPopularPages/dw.html 
        --- FAIL: TestPopularPages/dw.html/<head> 
            head.go:222: head <title> text is too short: 2 vs 4
            head.go:228: head <description> is absent
            opengraph.go:52: og:type not found
            opengraph.go:55: og:title not found
            opengraph.go:67: og:image not found
            head.go:274: |WARNING| there is no Twitter (or `X`) <head> meta data
        heading.go:49: document has no <h1> headings
    --- FAIL: TestPopularPages/microsoft.html 
        --- FAIL: TestPopularPages/microsoft.html/<head> 
            head.go:207: head <title> is absent
            head.go:228: head <description> is absent
            opengraph.go:52: og:type not found
            opengraph.go:55: og:title not found
            opengraph.go:67: og:image not found
            head.go:274: |WARNING| there is no Twitter (or `X`) <head> meta data
        heading.go:49: document has no <h1> headings
    --- FAIL: TestPopularPages/theguardian.html 
        --- FAIL: TestPopularPages/theguardian.html/<head> 
             │ lang: en |WARNING| DUPLICATE 
             └───────────────
            head.go:160: <meta[name="description"]>: has no content
            head.go:228: head <description> is absent
            opengraph.go:52: og:type not found
            opengraph.go:55: og:title not found
            opengraph.go:67: og:image not found
            head.go:274: |WARNING| there is no Twitter (or `X`) <head> meta data
        heading.go:49: document has no <h1> headings
    --- FAIL: TestPopularPages/wikipedia.html 
        --- FAIL: TestPopularPages/wikipedia.html/<head> 
            head.go:160: <meta[name=""]>: has no content
            head.go:274: |WARNING| there is no Twitter (or `X`) <head> meta data
        --- FAIL: TestPopularPages/wikipedia.html/<a>#357 
            └■ body›i›i›i›footer›div›div›div›a
             │   href: https://donate.wikimedi…&wmf_source=portalFooter |WARNING| DUPLICATE 
             │ target: _blank |WARNING| DUPLICATE 
             └───────────────
            anchor.go:73: add rel="noopener" attribute to prevent tab nabbing
            anchor.go:74: older versions of Firefox require rel="noopener noreferrer"
            anchor.go:81: |WARNING| <a[title]> attribute is empty
            anchor.go:113: |WARNING| add "external" directive to [rel] attribute
            anchor.go:116: |WARNING| add "nofollow" directive to [rel] attribute
        --- FAIL: TestPopularPages/wikipedia.html/<a>#359 
            └■ body›i›i›i›footer›div›div›div›div›ul›li›a
             │ target: _blank |WARNING| DUPLICATE 
             │    rel: noreferrer |WARNING| DUPLICATE 
             │   href: https://play.google.com…%3Dbutton%26anid%3Dadmob |WARNING| DUPLICATE 
             └───────────────
            anchor.go:73: add rel="noopener" attribute to prevent tab nabbing
            anchor.go:74: older versions of Firefox require rel="noopener noreferrer"
            anchor.go:81: |WARNING| <a[title]> attribute is empty
            anchor.go:113: |WARNING| add "external" directive to [rel] attribute
            anchor.go:116: |WARNING| add "nofollow" directive to [rel] attribute
        --- FAIL: TestPopularPages/wikipedia.html/<a>#360 
            └■ body›i›i›i›footer›div›div›div›div›ul›li›a
             │ target: _blank |WARNING| DUPLICATE 
             │    rel: noreferrer |WARNING| DUPLICATE 
             │   href: https://itunes.apple.co…pt=208305&ct=portal&mt=8 |WARNING| DUPLICATE 
             └───────────────
            anchor.go:73: add rel="noopener" attribute to prevent tab nabbing
            anchor.go:74: older versions of Firefox require rel="noopener noreferrer"
            anchor.go:81: |WARNING| <a[title]> attribute is empty
            anchor.go:113: |WARNING| add "external" directive to [rel] attribute
            anchor.go:116: |WARNING| add "nofollow" directive to [rel] attribute
